[     205ms] [LOG] Storage rehydrated: {hasState: true, hasAccessToken: eyJhbGciOiJIUzI1NiIsInR5cCI6IkpXVCJ9.eyJpZCI6Mywid…1NDd9.ml7TrWE6HWnTEkmD62wkvUWytLG2b1B6WF4py_y2aOs, isAuthenticated: true} @ https://dev-green.techmaster.in.th/_next/static/chunks/9327-aae10a05b743876b.js:0
[     205ms] [LOG] Has token after rehydration, fetching profile... @ https://dev-green.techmaster.in.th/_next/static/chunks/9327-aae10a05b743876b.js:0
[     224ms] [LOG] Fetch profile called, auth state: {hasAccessToken: true, isAuthenticated: true} @ https://dev-green.techmaster.in.th/_next/static/chunks/9327-aae10a05b743876b.js:0
[     224ms] [LOG] Fetching profile... @ https://dev-green.techmaster.in.th/_next/static/chunks/9327-aae10a05b743876b.js:0
[     261ms] [LOG] hasAccess true @ https://dev-green.techmaster.in.th/_next/static/chunks/5871-0b2c8a67e0387296.js:0
[     261ms] [LOG] permissions [] @ https://dev-green.techmaster.in.th/_next/static/chunks/5871-0b2c8a67e0387296.js:0
[     261ms] [LOG] {page: 1, page_size: 15, name: , status: null} @ https://dev-green.techmaster.in.th/_next/static/chunks/app/(auth)/employee/positions/page-6754ebe93676aa07.js:0
[     381ms] [VERBOSE] [DOM] Password field is not contained in a form: (More info: https://goo.gl/9p2vKq) %o @ https://dev-green.techmaster.in.th/employee/positions:0
[     381ms] [VERBOSE] [DOM] Password field is not contained in a form: (More info: https://goo.gl/9p2vKq) %o @ https://dev-green.techmaster.in.th/employee/positions:0
[     381ms] [VERBOSE] [DOM] Password field is not contained in a form: (More info: https://goo.gl/9p2vKq) %o @ https://dev-green.techmaster.in.th/employee/positions:0
[     406ms] [LOG] hasAccess true @ https://dev-green.techmaster.in.th/_next/static/chunks/5871-0b2c8a67e0387296.js:0
[     406ms] [LOG] permissions [] @ https://dev-green.techmaster.in.th/_next/static/chunks/5871-0b2c8a67e0387296.js:0
[     406ms] [LOG] {page: 1, page_size: 15, name: , status: null} @ https://dev-green.techmaster.in.th/_next/static/chunks/app/(auth)/employee/positions/page-6754ebe93676aa07.js:0
[     493ms] [LOG] Profile fetched successfully @ https://dev-green.techmaster.in.th/_next/static/chunks/9327-aae10a05b743876b.js:0
[     496ms] [LOG] hasAccess true @ https://dev-green.techmaster.in.th/_next/static/chunks/5871-0b2c8a67e0387296.js:0
[     496ms] [LOG] permissions [] @ https://dev-green.techmaster.in.th/_next/static/chunks/5871-0b2c8a67e0387296.js:0
[     788ms] [LOG] {page: 1, page_size: 15, name: , status: null} @ https://dev-green.techmaster.in.th/_next/static/chunks/app/(auth)/employee/positions/page-6754ebe93676aa07.js:0
[     957ms] [LOG] {page: 1, page_size: 15, name: , status: null} @ https://dev-green.techmaster.in.th/_next/static/chunks/app/(auth)/employee/positions/page-6754ebe93676aa07.js:0
[    1048ms] [LOG] hasAccess true @ https://dev-green.techmaster.in.th/_next/static/chunks/5871-0b2c8a67e0387296.js:0
[    1048ms] [LOG] permissions [] @ https://dev-green.techmaster.in.th/_next/static/chunks/5871-0b2c8a67e0387296.js:0
[    1048ms] [LOG] {page: 1, page_size: 15, name: , status: null} @ https://dev-green.techmaster.in.th/_next/static/chunks/app/(auth)/employee/positions/page-6754ebe93676aa07.js:0
