[     102ms] [LOG] Storage rehydrated: {hasState: true, hasAccessToken: eyJhbGciOiJIUzI1NiIsInR5cCI6IkpXVCJ9.eyJpZCI6Mywid…wNDJ9.zHoRtEptULlg1cQC3uebE8fBWMQQPLHlNAFbzfTgdio, isAuthenticated: true} @ https://dev-green.techmaster.in.th/_next/static/chunks/7131-29b91dc214948a75.js:0
[     102ms] [LOG] Has token after rehydration, fetching profile... @ https://dev-green.techmaster.in.th/_next/static/chunks/7131-29b91dc214948a75.js:0
[     113ms] [LOG] Fetch profile called, auth state: {hasAccessToken: true, isAuthenticated: true} @ https://dev-green.techmaster.in.th/_next/static/chunks/7131-29b91dc214948a75.js:0
[     113ms] [LOG] Fetching profile... @ https://dev-green.techmaster.in.th/_next/static/chunks/7131-29b91dc214948a75.js:0
[     293ms] [VERBOSE] [DOM] Password field is not contained in a form: (More info: https://goo.gl/9p2vKq) %o @ https://dev-green.techmaster.in.th/payment/expenses?date=2026-07-07&page=1&page_size=15&payment_status=pending:0
[     293ms] [VERBOSE] [DOM] Password field is not contained in a form: (More info: https://goo.gl/9p2vKq) %o @ https://dev-green.techmaster.in.th/payment/expenses?date=2026-07-07&page=1&page_size=15&payment_status=pending:0
[     294ms] [VERBOSE] [DOM] Password field is not contained in a form: (More info: https://goo.gl/9p2vKq) %o @ https://dev-green.techmaster.in.th/payment/expenses?date=2026-07-07&page=1&page_size=15&payment_status=pending:0
[     368ms] [LOG] Profile fetched successfully @ https://dev-green.techmaster.in.th/_next/static/chunks/7131-29b91dc214948a75.js:0
[   44727ms] [LOG] payment null @ https://dev-green.techmaster.in.th/_next/static/chunks/app/(auth)/payment/expenses/%5Bid%5D/page-6d04c9b126c44b69.js:0
[   44727ms] [LOG] data null @ https://dev-green.techmaster.in.th/_next/static/chunks/app/(auth)/payment/expenses/%5Bid%5D/page-6d04c9b126c44b69.js:0
[   44986ms] [LOG] payment {id: 36, status: active, trip_code: EC26VEEY, trip_type: private, program_remark: null} @ https://dev-green.techmaster.in.th/_next/static/chunks/app/(auth)/payment/expenses/%5Bid%5D/page-6d04c9b126c44b69.js:0
[   44986ms] [LOG] data {travel_date: 07/07/2026, travel_time: 07:30, trip_type: private, tour_status: pending, pax: 5 / 10} @ https://dev-green.techmaster.in.th/_next/static/chunks/app/(auth)/payment/expenses/%5Bid%5D/page-6d04c9b126c44b69.js:0
[   45005ms] [LOG] payment {id: 36, status: active, trip_code: EC26VEEY, trip_type: private, program_remark: null} @ https://dev-green.techmaster.in.th/_next/static/chunks/app/(auth)/payment/expenses/%5Bid%5D/page-6d04c9b126c44b69.js:0
[   45005ms] [LOG] data {travel_date: 07/07/2026, travel_time: 07:30, trip_type: private, tour_status: pending, pax: 5 / 10} @ https://dev-green.techmaster.in.th/_next/static/chunks/app/(auth)/payment/expenses/%5Bid%5D/page-6d04c9b126c44b69.js:0
[   45033ms] [LOG] payment {id: 36, status: active, trip_code: EC26VEEY, trip_type: private, program_remark: null} @ https://dev-green.techmaster.in.th/_next/static/chunks/app/(auth)/payment/expenses/%5Bid%5D/page-6d04c9b126c44b69.js:0
[   45033ms] [LOG] data {travel_date: 07/07/2026, travel_time: 07:30, trip_type: private, tour_status: pending, pax: 5 / 10} @ https://dev-green.techmaster.in.th/_next/static/chunks/app/(auth)/payment/expenses/%5Bid%5D/page-6d04c9b126c44b69.js:0
[   45099ms] [LOG] payment {id: 36, status: active, trip_code: EC26VEEY, trip_type: private, program_remark: null} @ https://dev-green.techmaster.in.th/_next/static/chunks/app/(auth)/payment/expenses/%5Bid%5D/page-6d04c9b126c44b69.js:0
[   45100ms] [LOG] data {travel_date: 07/07/2026, travel_time: 07:30, trip_type: private, tour_status: pending, pax: 5 / 10} @ https://dev-green.techmaster.in.th/_next/static/chunks/app/(auth)/payment/expenses/%5Bid%5D/page-6d04c9b126c44b69.js:0
[   66734ms] [LOG] payment {id: 36, status: active, trip_code: EC26VEEY, trip_type: private, program_remark: null} @ https://dev-green.techmaster.in.th/_next/static/chunks/app/(auth)/payment/expenses/%5Bid%5D/page-6d04c9b126c44b69.js:0
[   66734ms] [LOG] data {travel_date: 07/07/2026, travel_time: 07:30, trip_type: private, tour_status: pending, pax: 5 / 10} @ https://dev-green.techmaster.in.th/_next/static/chunks/app/(auth)/payment/expenses/%5Bid%5D/page-6d04c9b126c44b69.js:0
[   83238ms] [LOG] payment {id: 36, status: active, trip_code: EC26VEEY, trip_type: private, program_remark: null} @ https://dev-green.techmaster.in.th/_next/static/chunks/app/(auth)/payment/expenses/%5Bid%5D/page-6d04c9b126c44b69.js:0
[   83238ms] [LOG] data {travel_date: 07/07/2026, travel_time: 07:30, trip_type: private, tour_status: pending, pax: 5 / 10} @ https://dev-green.techmaster.in.th/_next/static/chunks/app/(auth)/payment/expenses/%5Bid%5D/page-6d04c9b126c44b69.js:0
[  136967ms] [LOG] payment {id: 36, status: active, trip_code: EC26VEEY, trip_type: private, program_remark: null} @ https://dev-green.techmaster.in.th/_next/static/chunks/app/(auth)/payment/expenses/%5Bid%5D/page-6d04c9b126c44b69.js:0
[  136967ms] [LOG] data {travel_date: 07/07/2026, travel_time: 07:30, trip_type: private, tour_status: pending, pax: 5 / 10} @ https://dev-green.techmaster.in.th/_next/static/chunks/app/(auth)/payment/expenses/%5Bid%5D/page-6d04c9b126c44b69.js:0
