[     247ms] [LOG] Storage rehydrated: {hasState: true, hasAccessToken: eyJhbGciOiJIUzI1NiIsInR5cCI6IkpXVCJ9.eyJpZCI6Mywid…2NDZ9.kugc4wEq1df5EwhG3uKUv6UYoWAlz6EuctnziMKMNGw, isAuthenticated: true} @ https://dev-green.techmaster.in.th/_next/static/chunks/9327-aae10a05b743876b.js:0
[     248ms] [LOG] Has token after rehydration, fetching profile... @ https://dev-green.techmaster.in.th/_next/static/chunks/9327-aae10a05b743876b.js:0
[     263ms] [LOG] Fetch profile called, auth state: {hasAccessToken: true, isAuthenticated: true} @ https://dev-green.techmaster.in.th/_next/static/chunks/9327-aae10a05b743876b.js:0
[     263ms] [LOG] Fetching profile... @ https://dev-green.techmaster.in.th/_next/static/chunks/9327-aae10a05b743876b.js:0
[     353ms] [LOG] {items: Array(0), total_program: 0, total_pax: 0} {items: Array(0), total_program: 0, total_pax: 0} @ https://dev-green.techmaster.in.th/_next/static/chunks/5871-3c23223443b3d566.js:0
[     353ms] [LOG] {items: Array(0), total_program: 0, total_pax: 0} {items: Array(0), total_program: 0, total_pax: 0} @ https://dev-green.techmaster.in.th/_next/static/chunks/5871-3c23223443b3d566.js:0
[     364ms] [LOG] {items: Array(0), total_program: 0, total_pax: 0} {items: Array(0), total_program: 0, total_pax: 0} @ https://dev-green.techmaster.in.th/_next/static/chunks/5871-3c23223443b3d566.js:0
[     364ms] [LOG] {items: Array(0), total_program: 0, total_pax: 0} {items: Array(0), total_program: 0, total_pax: 0} @ https://dev-green.techmaster.in.th/_next/static/chunks/5871-3c23223443b3d566.js:0
[     421ms] [LOG] {items: Array(0), total_program: 0, total_pax: 0} {items: Array(0), total_program: 0, total_pax: 0} @ https://dev-green.techmaster.in.th/_next/static/chunks/5871-3c23223443b3d566.js:0
[     421ms] [LOG] {items: Array(0), total_program: 0, total_pax: 0} {items: Array(0), total_program: 0, total_pax: 0} @ https://dev-green.techmaster.in.th/_next/static/chunks/5871-3c23223443b3d566.js:0
[     422ms] [LOG] {items: Array(0), total_program: 0, total_pax: 0} {items: Array(0), total_program: 0, total_pax: 0} @ https://dev-green.techmaster.in.th/_next/static/chunks/5871-3c23223443b3d566.js:0
[     422ms] [LOG] {items: Array(0), total_program: 0, total_pax: 0} {items: Array(0), total_program: 0, total_pax: 0} @ https://dev-green.techmaster.in.th/_next/static/chunks/5871-3c23223443b3d566.js:0
[     447ms] [LOG] {items: Array(0), total_program: 0, total_pax: 0} {items: Array(0), total_program: 0, total_pax: 0} @ https://dev-green.techmaster.in.th/_next/static/chunks/5871-3c23223443b3d566.js:0
[     447ms] [LOG] {items: Array(0), total_program: 0, total_pax: 0} {items: Array(0), total_program: 0, total_pax: 0} @ https://dev-green.techmaster.in.th/_next/static/chunks/5871-3c23223443b3d566.js:0
[     449ms] [LOG] {items: Array(0), total_program: 0, total_pax: 0} {items: Array(0), total_program: 0, total_pax: 0} @ https://dev-green.techmaster.in.th/_next/static/chunks/5871-3c23223443b3d566.js:0
[     449ms] [LOG] {items: Array(0), total_program: 0, total_pax: 0} {items: Array(0), total_program: 0, total_pax: 0} @ https://dev-green.techmaster.in.th/_next/static/chunks/5871-3c23223443b3d566.js:0
[     484ms] [VERBOSE] [DOM] Password field is not contained in a form: (More info: https://goo.gl/9p2vKq) %o @ https://dev-green.techmaster.in.th/booking/booking-list/create?date=2026-07-02:0
[     484ms] [VERBOSE] [DOM] Password field is not contained in a form: (More info: https://goo.gl/9p2vKq) %o @ https://dev-green.techmaster.in.th/booking/booking-list/create?date=2026-07-02:0
[     484ms] [VERBOSE] [DOM] Password field is not contained in a form: (More info: https://goo.gl/9p2vKq) %o @ https://dev-green.techmaster.in.th/booking/booking-list/create?date=2026-07-02:0
[     500ms] [LOG] Profile fetched successfully @ https://dev-green.techmaster.in.th/_next/static/chunks/9327-aae10a05b743876b.js:0
[     519ms] [LOG] {items: Array(0), total_program: 0, total_pax: 0} {items: Array(0), total_program: 0, total_pax: 0} @ https://dev-green.techmaster.in.th/_next/static/chunks/5871-3c23223443b3d566.js:0
[     519ms] [LOG] {items: Array(0), total_program: 0, total_pax: 0} {items: Array(0), total_program: 0, total_pax: 0} @ https://dev-green.techmaster.in.th/_next/static/chunks/5871-3c23223443b3d566.js:0
[     521ms] [LOG] {items: Array(0), total_program: 0, total_pax: 0} {items: Array(0), total_program: 0, total_pax: 0} @ https://dev-green.techmaster.in.th/_next/static/chunks/5871-3c23223443b3d566.js:0
[     521ms] [LOG] {items: Array(0), total_program: 0, total_pax: 0} {items: Array(0), total_program: 0, total_pax: 0} @ https://dev-green.techmaster.in.th/_next/static/chunks/5871-3c23223443b3d566.js:0
[     612ms] [LOG] {items: Array(0), total_program: 0, total_pax: 0} {items: Array(0), total_program: 0, total_pax: 0} @ https://dev-green.techmaster.in.th/_next/static/chunks/5871-3c23223443b3d566.js:0
[     612ms] [LOG] {items: Array(0), total_program: 0, total_pax: 0} {items: Array(0), total_program: 0, total_pax: 0} @ https://dev-green.techmaster.in.th/_next/static/chunks/5871-3c23223443b3d566.js:0
[     613ms] [LOG] {items: Array(0), total_program: 0, total_pax: 0} {items: Array(0), total_program: 0, total_pax: 0} @ https://dev-green.techmaster.in.th/_next/static/chunks/5871-3c23223443b3d566.js:0
[     613ms] [LOG] {items: Array(0), total_program: 0, total_pax: 0} {items: Array(0), total_program: 0, total_pax: 0} @ https://dev-green.techmaster.in.th/_next/static/chunks/5871-3c23223443b3d566.js:0
[     619ms] [LOG] {items: Array(0), total_program: 0, total_pax: 0} {items: Array(0), total_program: 0, total_pax: 0} @ https://dev-green.techmaster.in.th/_next/static/chunks/5871-3c23223443b3d566.js:0
[     620ms] [LOG] {items: Array(0), total_program: 0, total_pax: 0} {items: Array(0), total_program: 0, total_pax: 0} @ https://dev-green.techmaster.in.th/_next/static/chunks/5871-3c23223443b3d566.js:0
[     621ms] [LOG] {items: Array(0), total_program: 0, total_pax: 0} {items: Array(0), total_program: 0, total_pax: 0} @ https://dev-green.techmaster.in.th/_next/static/chunks/5871-3c23223443b3d566.js:0
[     621ms] [LOG] {items: Array(0), total_program: 0, total_pax: 0} {items: Array(0), total_program: 0, total_pax: 0} @ https://dev-green.techmaster.in.th/_next/static/chunks/5871-3c23223443b3d566.js:0
[     924ms] [LOG] {items: Array(0), total_program: 0, total_pax: 0} {items: Array(0), total_program: 0, total_pax: 0} @ https://dev-green.techmaster.in.th/_next/static/chunks/5871-3c23223443b3d566.js:0
[     925ms] [LOG] {items: Array(0), total_program: 0, total_pax: 0} {items: Array(0), total_program: 0, total_pax: 0} @ https://dev-green.techmaster.in.th/_next/static/chunks/5871-3c23223443b3d566.js:0
[     927ms] [LOG] {items: Array(0), total_program: 0, total_pax: 0} {items: Array(0), total_program: 0, total_pax: 0} @ https://dev-green.techmaster.in.th/_next/static/chunks/5871-3c23223443b3d566.js:0
[     927ms] [LOG] {items: Array(0), total_program: 0, total_pax: 0} {items: Array(0), total_program: 0, total_pax: 0} @ https://dev-green.techmaster.in.th/_next/static/chunks/5871-3c23223443b3d566.js:0
[     933ms] [LOG] {items: Array(0), total_program: 0, total_pax: 0} {items: Array(0), total_program: 0, total_pax: 0} @ https://dev-green.techmaster.in.th/_next/static/chunks/5871-3c23223443b3d566.js:0
[     933ms] [LOG] {items: Array(0), total_program: 0, total_pax: 0} {items: Array(0), total_program: 0, total_pax: 0} @ https://dev-green.techmaster.in.th/_next/static/chunks/5871-3c23223443b3d566.js:0
[     934ms] [LOG] {items: Array(0), total_program: 0, total_pax: 0} {items: Array(0), total_program: 0, total_pax: 0} @ https://dev-green.techmaster.in.th/_next/static/chunks/5871-3c23223443b3d566.js:0
[     934ms] [LOG] {items: Array(0), total_program: 0, total_pax: 0} {items: Array(0), total_program: 0, total_pax: 0} @ https://dev-green.techmaster.in.th/_next/static/chunks/5871-3c23223443b3d566.js:0
[    1083ms] [LOG] {items: Array(0), total_program: 0, total_pax: 0} {items: Array(0), total_program: 0, total_pax: 0} @ https://dev-green.techmaster.in.th/_next/static/chunks/5871-3c23223443b3d566.js:0
[    1083ms] [LOG] {items: Array(0), total_program: 0, total_pax: 0} {items: Array(0), total_program: 0, total_pax: 0} @ https://dev-green.techmaster.in.th/_next/static/chunks/5871-3c23223443b3d566.js:0
[    1084ms] [LOG] {items: Array(0), total_program: 0, total_pax: 0} {items: Array(0), total_program: 0, total_pax: 0} @ https://dev-green.techmaster.in.th/_next/static/chunks/5871-3c23223443b3d566.js:0
[    1085ms] [LOG] {items: Array(0), total_program: 0, total_pax: 0} {items: Array(0), total_program: 0, total_pax: 0} @ https://dev-green.techmaster.in.th/_next/static/chunks/5871-3c23223443b3d566.js:0
[    1088ms] [LOG] {items: Array(0), total_program: 0, total_pax: 0} @ https://dev-green.techmaster.in.th/_next/static/chunks/9327-aae10a05b743876b.js:0
[    1094ms] [LOG] {items: Array(0), total_program: 0, total_pax: 0} {items: Array(0), total_program: 0, total_pax: 0} @ https://dev-green.techmaster.in.th/_next/static/chunks/5871-3c23223443b3d566.js:0
[    1094ms] [LOG] {items: Array(0), total_program: 0, total_pax: 0} {items: Array(0), total_program: 0, total_pax: 0} @ https://dev-green.techmaster.in.th/_next/static/chunks/5871-3c23223443b3d566.js:0
[    1095ms] [LOG] {items: Array(0), total_program: 0, total_pax: 0} {items: Array(0), total_program: 0, total_pax: 0} @ https://dev-green.techmaster.in.th/_next/static/chunks/5871-3c23223443b3d566.js:0
[    1095ms] [LOG] {items: Array(0), total_program: 0, total_pax: 0} {items: Array(0), total_program: 0, total_pax: 0} @ https://dev-green.techmaster.in.th/_next/static/chunks/5871-3c23223443b3d566.js:0
