[     263ms] [LOG] Storage rehydrated: {hasState: true, hasAccessToken: eyJhbGciOiJIUzI1NiIsInR5cCI6IkpXVCJ9.eyJpZCI6Mywid…1NDd9.ml7TrWE6HWnTEkmD62wkvUWytLG2b1B6WF4py_y2aOs, isAuthenticated: true} @ https://dev-green.techmaster.in.th/_next/static/chunks/9327-aae10a05b743876b.js:0
[     263ms] [LOG] Has token after rehydration, fetching profile... @ https://dev-green.techmaster.in.th/_next/static/chunks/9327-aae10a05b743876b.js:0
[     276ms] [LOG] Fetch profile called, auth state: {hasAccessToken: true, isAuthenticated: true} @ https://dev-green.techmaster.in.th/_next/static/chunks/9327-aae10a05b743876b.js:0
[     276ms] [LOG] Fetching profile... @ https://dev-green.techmaster.in.th/_next/static/chunks/9327-aae10a05b743876b.js:0
[     348ms] [LOG] hasAccess true @ https://dev-green.techmaster.in.th/_next/static/chunks/5871-44dcc03fbff18943.js:0
[     348ms] [LOG] permissions [USER_LIST_VIEW] @ https://dev-green.techmaster.in.th/_next/static/chunks/5871-44dcc03fbff18943.js:0
[     390ms] [VERBOSE] [DOM] Password field is not contained in a form: (More info: https://goo.gl/9p2vKq) %o @ https://dev-green.techmaster.in.th/user/user-list:0
[     390ms] [VERBOSE] [DOM] Password field is not contained in a form: (More info: https://goo.gl/9p2vKq) %o @ https://dev-green.techmaster.in.th/user/user-list:0
[     390ms] [VERBOSE] [DOM] Password field is not contained in a form: (More info: https://goo.gl/9p2vKq) %o @ https://dev-green.techmaster.in.th/user/user-list:0
[     461ms] [LOG] hasAccess true @ https://dev-green.techmaster.in.th/_next/static/chunks/5871-44dcc03fbff18943.js:0
[     461ms] [LOG] permissions [USER_LIST_VIEW] @ https://dev-green.techmaster.in.th/_next/static/chunks/5871-44dcc03fbff18943.js:0
[     548ms] [LOG] Profile fetched successfully @ https://dev-green.techmaster.in.th/_next/static/chunks/9327-aae10a05b743876b.js:0
[     551ms] [LOG] hasAccess true @ https://dev-green.techmaster.in.th/_next/static/chunks/5871-44dcc03fbff18943.js:0
[     551ms] [LOG] permissions [USER_LIST_VIEW] @ https://dev-green.techmaster.in.th/_next/static/chunks/5871-44dcc03fbff18943.js:0
[    1144ms] [LOG] hasAccess true @ https://dev-green.techmaster.in.th/_next/static/chunks/5871-44dcc03fbff18943.js:0
[    1144ms] [LOG] permissions [USER_LIST_VIEW] @ https://dev-green.techmaster.in.th/_next/static/chunks/5871-44dcc03fbff18943.js:0
[   10784ms] [LOG] {} @ https://dev-green.techmaster.in.th/_next/static/chunks/5871-44dcc03fbff18943.js:0
[   10811ms] [LOG] {} @ https://dev-green.techmaster.in.th/_next/static/chunks/5871-44dcc03fbff18943.js:0
[   10906ms] [VERBOSE] [DOM] Password field is not contained in a form: (More info: https://goo.gl/9p2vKq) %o @ https://dev-green.techmaster.in.th/user/user-list/create:0
[   10906ms] [VERBOSE] [DOM] Password field is not contained in a form: (More info: https://goo.gl/9p2vKq) %o @ https://dev-green.techmaster.in.th/user/user-list/create:0
[   10906ms] [VERBOSE] [DOM] Password field is not contained in a form: (More info: https://goo.gl/9p2vKq) %o @ https://dev-green.techmaster.in.th/user/user-list/create:0
[   10906ms] [VERBOSE] [DOM] Password field is not contained in a form: (More info: https://goo.gl/9p2vKq) %o @ https://dev-green.techmaster.in.th/user/user-list/create:0
[   10962ms] [LOG] {} @ https://dev-green.techmaster.in.th/_next/static/chunks/5871-44dcc03fbff18943.js:0
