[      91ms] [LOG] Storage rehydrated: {hasState: true, hasAccessToken: eyJhbGciOiJIUzI1NiIsInR5cCI6IkpXVCJ9.eyJpZCI6Mywid…1NDd9.ml7TrWE6HWnTEkmD62wkvUWytLG2b1B6WF4py_y2aOs, isAuthenticated: true} @ https://dev-green.techmaster.in.th/_next/static/chunks/app/page-33eea77fdd1ef502.js:0
[      91ms] [LOG] Has token after rehydration, fetching profile... @ https://dev-green.techmaster.in.th/_next/static/chunks/app/page-33eea77fdd1ef502.js:0
[     101ms] [LOG] Fetch profile called, auth state: {hasAccessToken: true, isAuthenticated: true} @ https://dev-green.techmaster.in.th/_next/static/chunks/app/page-33eea77fdd1ef502.js:0
[     101ms] [LOG] Fetching profile... @ https://dev-green.techmaster.in.th/_next/static/chunks/app/page-33eea77fdd1ef502.js:0
[     270ms] [LOG] Profile fetched successfully @ https://dev-green.techmaster.in.th/_next/static/chunks/app/page-33eea77fdd1ef502.js:0
[     319ms] [VERBOSE] [DOM] Password field is not contained in a form: (More info: https://goo.gl/9p2vKq) %o @ https://dev-green.techmaster.in.th/dashboard:0
[     319ms] [VERBOSE] [DOM] Password field is not contained in a form: (More info: https://goo.gl/9p2vKq) %o @ https://dev-green.techmaster.in.th/dashboard:0
[     319ms] [VERBOSE] [DOM] Password field is not contained in a form: (More info: https://goo.gl/9p2vKq) %o @ https://dev-green.techmaster.in.th/dashboard:0
[   10064ms] [LOG] hasAccess true @ https://dev-green.techmaster.in.th/_next/static/chunks/5871-44dcc03fbff18943.js:0
[   10064ms] [LOG] permissions [GUIDE_VIEW] @ https://dev-green.techmaster.in.th/_next/static/chunks/5871-44dcc03fbff18943.js:0
[   10183ms] [LOG] hasAccess true @ https://dev-green.techmaster.in.th/_next/static/chunks/5871-44dcc03fbff18943.js:0
[   10183ms] [LOG] permissions [GUIDE_VIEW] @ https://dev-green.techmaster.in.th/_next/static/chunks/5871-44dcc03fbff18943.js:0
[   10879ms] [LOG] hasAccess true @ https://dev-green.techmaster.in.th/_next/static/chunks/5871-44dcc03fbff18943.js:0
[   10879ms] [LOG] permissions [GUIDE_VIEW] @ https://dev-green.techmaster.in.th/_next/static/chunks/5871-44dcc03fbff18943.js:0
[  103226ms] [LOG] hasAccess true @ https://dev-green.techmaster.in.th/_next/static/chunks/5871-44dcc03fbff18943.js:0
[  103226ms] [LOG] permissions [] @ https://dev-green.techmaster.in.th/_next/static/chunks/5871-44dcc03fbff18943.js:0
[  103226ms] [LOG] {page: 1, page_size: 15, name: , status: null} @ https://dev-green.techmaster.in.th/_next/static/chunks/app/(auth)/employee/positions/page-7ae51aebcc628a86.js:0
[  103325ms] [LOG] hasAccess true @ https://dev-green.techmaster.in.th/_next/static/chunks/5871-44dcc03fbff18943.js:0
[  103325ms] [LOG] permissions [] @ https://dev-green.techmaster.in.th/_next/static/chunks/5871-44dcc03fbff18943.js:0
[  103325ms] [LOG] {page: 1, page_size: 15, name: , status: null} @ https://dev-green.techmaster.in.th/_next/static/chunks/app/(auth)/employee/positions/page-7ae51aebcc628a86.js:0
[  103747ms] [LOG] {page: 1, page_size: 15, name: , status: null} @ https://dev-green.techmaster.in.th/_next/static/chunks/app/(auth)/employee/positions/page-7ae51aebcc628a86.js:0
[  103914ms] [LOG] {page: 1, page_size: 15, name: , status: null} @ https://dev-green.techmaster.in.th/_next/static/chunks/app/(auth)/employee/positions/page-7ae51aebcc628a86.js:0
[  104015ms] [LOG] hasAccess true @ https://dev-green.techmaster.in.th/_next/static/chunks/5871-44dcc03fbff18943.js:0
[  104015ms] [LOG] permissions [] @ https://dev-green.techmaster.in.th/_next/static/chunks/5871-44dcc03fbff18943.js:0
[  104015ms] [LOG] {page: 1, page_size: 15, name: , status: null} @ https://dev-green.techmaster.in.th/_next/static/chunks/app/(auth)/employee/positions/page-7ae51aebcc628a86.js:0
[  153601ms] [LOG] hasAccess true @ https://dev-green.techmaster.in.th/_next/static/chunks/5871-44dcc03fbff18943.js:0
[  153601ms] [LOG] permissions [] @ https://dev-green.techmaster.in.th/_next/static/chunks/5871-44dcc03fbff18943.js:0
[  153601ms] [LOG] {page: 1, page_size: 15, name: , status: null} @ https://dev-green.techmaster.in.th/_next/static/chunks/app/(auth)/employee/positions/page-7ae51aebcc628a86.js:0
[  153707ms] [LOG] hasAccess true @ https://dev-green.techmaster.in.th/_next/static/chunks/5871-44dcc03fbff18943.js:0
[  153707ms] [LOG] permissions [] @ https://dev-green.techmaster.in.th/_next/static/chunks/5871-44dcc03fbff18943.js:0
[  153707ms] [LOG] {page: 1, page_size: 15, name: , status: null} @ https://dev-green.techmaster.in.th/_next/static/chunks/app/(auth)/employee/positions/page-7ae51aebcc628a86.js:0
[  154124ms] [LOG] {page: 1, page_size: 15, name: , status: null} @ https://dev-green.techmaster.in.th/_next/static/chunks/app/(auth)/employee/positions/page-7ae51aebcc628a86.js:0
[  154291ms] [LOG] {page: 1, page_size: 15, name: , status: null} @ https://dev-green.techmaster.in.th/_next/static/chunks/app/(auth)/employee/positions/page-7ae51aebcc628a86.js:0
[  154376ms] [LOG] hasAccess true @ https://dev-green.techmaster.in.th/_next/static/chunks/5871-44dcc03fbff18943.js:0
[  154376ms] [LOG] permissions [] @ https://dev-green.techmaster.in.th/_next/static/chunks/5871-44dcc03fbff18943.js:0
[  154376ms] [LOG] {page: 1, page_size: 15, name: , status: null} @ https://dev-green.techmaster.in.th/_next/static/chunks/app/(auth)/employee/positions/page-7ae51aebcc628a86.js:0
