[     201ms] [LOG] Storage rehydrated: {hasState: true, hasAccessToken: eyJhbGciOiJIUzI1NiIsInR5cCI6IkpXVCJ9.eyJpZCI6Mywid…1NDd9.ml7TrWE6HWnTEkmD62wkvUWytLG2b1B6WF4py_y2aOs, isAuthenticated: true} @ https://dev-green.techmaster.in.th/_next/static/chunks/9327-aae10a05b743876b.js:0
[     202ms] [LOG] Has token after rehydration, fetching profile... @ https://dev-green.techmaster.in.th/_next/static/chunks/9327-aae10a05b743876b.js:0
[     215ms] [LOG] Fetch profile called, auth state: {hasAccessToken: true, isAuthenticated: true} @ https://dev-green.techmaster.in.th/_next/static/chunks/9327-aae10a05b743876b.js:0
[     215ms] [LOG] Fetching profile... @ https://dev-green.techmaster.in.th/_next/static/chunks/9327-aae10a05b743876b.js:0
[     250ms] [LOG] hasAccess true @ https://dev-green.techmaster.in.th/_next/static/chunks/5871-0b2c8a67e0387296.js:0
[     250ms] [LOG] permissions [PROGRAM_ITEM_TYPE_VIEW] @ https://dev-green.techmaster.in.th/_next/static/chunks/5871-0b2c8a67e0387296.js:0
[     374ms] [LOG] hasAccess true @ https://dev-green.techmaster.in.th/_next/static/chunks/5871-0b2c8a67e0387296.js:0
[     374ms] [LOG] permissions [PROGRAM_ITEM_TYPE_VIEW] @ https://dev-green.techmaster.in.th/_next/static/chunks/5871-0b2c8a67e0387296.js:0
[     379ms] [VERBOSE] [DOM] Password field is not contained in a form: (More info: https://goo.gl/9p2vKq) %o @ https://dev-green.techmaster.in.th/program/items-type?page=1&page_size=15:0
[     379ms] [VERBOSE] [DOM] Password field is not contained in a form: (More info: https://goo.gl/9p2vKq) %o @ https://dev-green.techmaster.in.th/program/items-type?page=1&page_size=15:0
[     379ms] [VERBOSE] [DOM] Password field is not contained in a form: (More info: https://goo.gl/9p2vKq) %o @ https://dev-green.techmaster.in.th/program/items-type?page=1&page_size=15:0
[     473ms] [LOG] Profile fetched successfully @ https://dev-green.techmaster.in.th/_next/static/chunks/9327-aae10a05b743876b.js:0
[     478ms] [LOG] hasAccess true @ https://dev-green.techmaster.in.th/_next/static/chunks/5871-0b2c8a67e0387296.js:0
[     478ms] [LOG] permissions [PROGRAM_ITEM_TYPE_VIEW] @ https://dev-green.techmaster.in.th/_next/static/chunks/5871-0b2c8a67e0387296.js:0
[    1059ms] [LOG] hasAccess true @ https://dev-green.techmaster.in.th/_next/static/chunks/5871-0b2c8a67e0387296.js:0
[    1059ms] [LOG] permissions [PROGRAM_ITEM_TYPE_VIEW] @ https://dev-green.techmaster.in.th/_next/static/chunks/5871-0b2c8a67e0387296.js:0
[   39405ms] [ERROR] Failed to load resource: the server responded with a status of 404 () @ https://dev-green-api.techmaster.in.th/api/program/items-type/print:0
[   39434ms] Error: Path /api/program/items-type/print not found
    at s (https://dev-green.techmaster.in.th/_next/static/chunks/9327-aae10a05b743876b.js:1:114905)
    at async Object.get (https://dev-green.techmaster.in.th/_next/static/chunks/9327-aae10a05b743876b.js:1:116305)
    at async Object.exportFile (https://dev-green.techmaster.in.th/_next/static/chunks/9327-aae10a05b743876b.js:1:87182)
    at async a (https://dev-green.techmaster.in.th/_next/static/chunks/9327-aae10a05b743876b.js:1:864)
    at async C (https://dev-green.techmaster.in.th/_next/static/chunks/5871-0b2c8a67e0387296.js:1:184590)
