[     137ms] [LOG] Storage rehydrated: {hasState: true, hasAccessToken: eyJhbGciOiJIUzI1NiIsInR5cCI6IkpXVCJ9.eyJpZCI6Mywid…yOTh9.7edOwizjvnQ0im21ve-LEjpNrax3sgbBH-fWnrWHx2M, isAuthenticated: true} @ https://dev-green.techmaster.in.th/_next/static/chunks/9327-aae10a05b743876b.js:0
[     137ms] [LOG] Has token after rehydration, fetching profile... @ https://dev-green.techmaster.in.th/_next/static/chunks/9327-aae10a05b743876b.js:0
[     178ms] [LOG] Fetch profile called, auth state: {hasAccessToken: true, isAuthenticated: true} @ https://dev-green.techmaster.in.th/_next/static/chunks/9327-aae10a05b743876b.js:0
[     178ms] [LOG] Fetching profile... @ https://dev-green.techmaster.in.th/_next/static/chunks/9327-aae10a05b743876b.js:0
[     226ms] [LOG] {items: Array(0), total_program: 0, total_pax: 0} {items: Array(0), total_program: 0, total_pax: 0} @ https://dev-green.techmaster.in.th/_next/static/chunks/5871-3c23223443b3d566.js:0
[     227ms] [LOG] {items: Array(0), total_program: 0, total_pax: 0} {items: Array(0), total_program: 0, total_pax: 0} @ https://dev-green.techmaster.in.th/_next/static/chunks/5871-3c23223443b3d566.js:0
[     233ms] [LOG] {items: Array(0), total_program: 0, total_pax: 0} {items: Array(0), total_program: 0, total_pax: 0} @ https://dev-green.techmaster.in.th/_next/static/chunks/5871-3c23223443b3d566.js:0
[     233ms] [LOG] {items: Array(0), total_program: 0, total_pax: 0} {items: Array(0), total_program: 0, total_pax: 0} @ https://dev-green.techmaster.in.th/_next/static/chunks/5871-3c23223443b3d566.js:0
[     264ms] [LOG] {items: Array(0), total_program: 0, total_pax: 0} {items: Array(0), total_program: 0, total_pax: 0} @ https://dev-green.techmaster.in.th/_next/static/chunks/5871-3c23223443b3d566.js:0
[     264ms] [LOG] {items: Array(0), total_program: 0, total_pax: 0} {items: Array(0), total_program: 0, total_pax: 0} @ https://dev-green.techmaster.in.th/_next/static/chunks/5871-3c23223443b3d566.js:0
[     265ms] [LOG] {items: Array(0), total_program: 0, total_pax: 0} {items: Array(0), total_program: 0, total_pax: 0} @ https://dev-green.techmaster.in.th/_next/static/chunks/5871-3c23223443b3d566.js:0
[     266ms] [LOG] {items: Array(0), total_program: 0, total_pax: 0} {items: Array(0), total_program: 0, total_pax: 0} @ https://dev-green.techmaster.in.th/_next/static/chunks/5871-3c23223443b3d566.js:0
[     282ms] [LOG] {items: Array(0), total_program: 0, total_pax: 0} {items: Array(0), total_program: 0, total_pax: 0} @ https://dev-green.techmaster.in.th/_next/static/chunks/5871-3c23223443b3d566.js:0
[     282ms] [LOG] {items: Array(0), total_program: 0, total_pax: 0} {items: Array(0), total_program: 0, total_pax: 0} @ https://dev-green.techmaster.in.th/_next/static/chunks/5871-3c23223443b3d566.js:0
[     283ms] [LOG] {items: Array(0), total_program: 0, total_pax: 0} {items: Array(0), total_program: 0, total_pax: 0} @ https://dev-green.techmaster.in.th/_next/static/chunks/5871-3c23223443b3d566.js:0
[     283ms] [LOG] {items: Array(0), total_program: 0, total_pax: 0} {items: Array(0), total_program: 0, total_pax: 0} @ https://dev-green.techmaster.in.th/_next/static/chunks/5871-3c23223443b3d566.js:0
[     333ms] [LOG] Profile fetched successfully @ https://dev-green.techmaster.in.th/_next/static/chunks/9327-aae10a05b743876b.js:0
[     362ms] [VERBOSE] [DOM] Password field is not contained in a form: (More info: https://goo.gl/9p2vKq) %o @ https://dev-green.techmaster.in.th/booking/booking-list/create?date=2026-07-06:0
[     362ms] [VERBOSE] [DOM] Password field is not contained in a form: (More info: https://goo.gl/9p2vKq) %o @ https://dev-green.techmaster.in.th/booking/booking-list/create?date=2026-07-06:0
[     362ms] [VERBOSE] [DOM] Password field is not contained in a form: (More info: https://goo.gl/9p2vKq) %o @ https://dev-green.techmaster.in.th/booking/booking-list/create?date=2026-07-06:0
[     368ms] [LOG] {items: Array(0), total_program: 0, total_pax: 0} {items: Array(0), total_program: 0, total_pax: 0} @ https://dev-green.techmaster.in.th/_next/static/chunks/5871-3c23223443b3d566.js:0
[     370ms] [LOG] {items: Array(0), total_program: 0, total_pax: 0} {items: Array(0), total_program: 0, total_pax: 0} @ https://dev-green.techmaster.in.th/_next/static/chunks/5871-3c23223443b3d566.js:0
[     379ms] [LOG] {items: Array(0), total_program: 0, total_pax: 0} {items: Array(0), total_program: 0, total_pax: 0} @ https://dev-green.techmaster.in.th/_next/static/chunks/5871-3c23223443b3d566.js:0
[     380ms] [LOG] {items: Array(0), total_program: 0, total_pax: 0} {items: Array(0), total_program: 0, total_pax: 0} @ https://dev-green.techmaster.in.th/_next/static/chunks/5871-3c23223443b3d566.js:0
[     424ms] [LOG] {items: Array(0), total_program: 0, total_pax: 0} {items: Array(0), total_program: 0, total_pax: 0} @ https://dev-green.techmaster.in.th/_next/static/chunks/5871-3c23223443b3d566.js:0
[     425ms] [LOG] {items: Array(0), total_program: 0, total_pax: 0} {items: Array(0), total_program: 0, total_pax: 0} @ https://dev-green.techmaster.in.th/_next/static/chunks/5871-3c23223443b3d566.js:0
[     426ms] [LOG] {items: Array(0), total_program: 0, total_pax: 0} {items: Array(0), total_program: 0, total_pax: 0} @ https://dev-green.techmaster.in.th/_next/static/chunks/5871-3c23223443b3d566.js:0
[     426ms] [LOG] {items: Array(0), total_program: 0, total_pax: 0} {items: Array(0), total_program: 0, total_pax: 0} @ https://dev-green.techmaster.in.th/_next/static/chunks/5871-3c23223443b3d566.js:0
[     449ms] [LOG] {items: Array(0), total_program: 0, total_pax: 0} {items: Array(0), total_program: 0, total_pax: 0} @ https://dev-green.techmaster.in.th/_next/static/chunks/5871-3c23223443b3d566.js:0
[     450ms] [LOG] {items: Array(0), total_program: 0, total_pax: 0} {items: Array(0), total_program: 0, total_pax: 0} @ https://dev-green.techmaster.in.th/_next/static/chunks/5871-3c23223443b3d566.js:0
[     453ms] [LOG] {items: Array(0), total_program: 0, total_pax: 0} {items: Array(0), total_program: 0, total_pax: 0} @ https://dev-green.techmaster.in.th/_next/static/chunks/5871-3c23223443b3d566.js:0
[     453ms] [LOG] {items: Array(0), total_program: 0, total_pax: 0} {items: Array(0), total_program: 0, total_pax: 0} @ https://dev-green.techmaster.in.th/_next/static/chunks/5871-3c23223443b3d566.js:0
[     772ms] [LOG] {items: Array(0), total_program: 0, total_pax: 0} {items: Array(0), total_program: 0, total_pax: 0} @ https://dev-green.techmaster.in.th/_next/static/chunks/5871-3c23223443b3d566.js:0
[     772ms] [LOG] {items: Array(0), total_program: 0, total_pax: 0} {items: Array(0), total_program: 0, total_pax: 0} @ https://dev-green.techmaster.in.th/_next/static/chunks/5871-3c23223443b3d566.js:0
[     779ms] [LOG] {items: Array(0), total_program: 0, total_pax: 0} {items: Array(0), total_program: 0, total_pax: 0} @ https://dev-green.techmaster.in.th/_next/static/chunks/5871-3c23223443b3d566.js:0
[     780ms] [LOG] {items: Array(0), total_program: 0, total_pax: 0} {items: Array(0), total_program: 0, total_pax: 0} @ https://dev-green.techmaster.in.th/_next/static/chunks/5871-3c23223443b3d566.js:0
[     813ms] [LOG] {items: Array(0), total_program: 0, total_pax: 0} {items: Array(0), total_program: 0, total_pax: 0} @ https://dev-green.techmaster.in.th/_next/static/chunks/5871-3c23223443b3d566.js:0
[     814ms] [LOG] {items: Array(0), total_program: 0, total_pax: 0} {items: Array(0), total_program: 0, total_pax: 0} @ https://dev-green.techmaster.in.th/_next/static/chunks/5871-3c23223443b3d566.js:0
[     821ms] [LOG] {items: Array(0), total_program: 0, total_pax: 0} {items: Array(0), total_program: 0, total_pax: 0} @ https://dev-green.techmaster.in.th/_next/static/chunks/5871-3c23223443b3d566.js:0
[     821ms] [LOG] {items: Array(0), total_program: 0, total_pax: 0} {items: Array(0), total_program: 0, total_pax: 0} @ https://dev-green.techmaster.in.th/_next/static/chunks/5871-3c23223443b3d566.js:0
[     953ms] [LOG] {items: Array(0), total_program: 0, total_pax: 0} {items: Array(0), total_program: 0, total_pax: 0} @ https://dev-green.techmaster.in.th/_next/static/chunks/5871-3c23223443b3d566.js:0
[     953ms] [LOG] {items: Array(0), total_program: 0, total_pax: 0} {items: Array(0), total_program: 0, total_pax: 0} @ https://dev-green.techmaster.in.th/_next/static/chunks/5871-3c23223443b3d566.js:0
[     957ms] [LOG] {items: Array(0), total_program: 0, total_pax: 0} {items: Array(0), total_program: 0, total_pax: 0} @ https://dev-green.techmaster.in.th/_next/static/chunks/5871-3c23223443b3d566.js:0
[     957ms] [LOG] {items: Array(0), total_program: 0, total_pax: 0} {items: Array(0), total_program: 0, total_pax: 0} @ https://dev-green.techmaster.in.th/_next/static/chunks/5871-3c23223443b3d566.js:0
[     984ms] [LOG] {items: Array(0), total_program: 0, total_pax: 0} @ https://dev-green.techmaster.in.th/_next/static/chunks/9327-aae10a05b743876b.js:0
[    1006ms] [LOG] {items: Array(0), total_program: 0, total_pax: 0} {items: Array(0), total_program: 0, total_pax: 0} @ https://dev-green.techmaster.in.th/_next/static/chunks/5871-3c23223443b3d566.js:0
[    1006ms] [LOG] {items: Array(0), total_program: 0, total_pax: 0} {items: Array(0), total_program: 0, total_pax: 0} @ https://dev-green.techmaster.in.th/_next/static/chunks/5871-3c23223443b3d566.js:0
[    1012ms] [LOG] {items: Array(0), total_program: 0, total_pax: 0} {items: Array(0), total_program: 0, total_pax: 0} @ https://dev-green.techmaster.in.th/_next/static/chunks/5871-3c23223443b3d566.js:0
[    1012ms] [LOG] {items: Array(0), total_program: 0, total_pax: 0} {items: Array(0), total_program: 0, total_pax: 0} @ https://dev-green.techmaster.in.th/_next/static/chunks/5871-3c23223443b3d566.js:0
