[     205ms] [LOG] Storage rehydrated: {hasState: true, hasAccessToken: eyJhbGciOiJIUzI1NiIsInR5cCI6IkpXVCJ9.eyJpZCI6Mywid…1NDd9.ml7TrWE6HWnTEkmD62wkvUWytLG2b1B6WF4py_y2aOs, isAuthenticated: true} @ https://dev-green.techmaster.in.th/_next/static/chunks/9327-aae10a05b743876b.js:0
[     206ms] [LOG] Has token after rehydration, fetching profile... @ https://dev-green.techmaster.in.th/_next/static/chunks/9327-aae10a05b743876b.js:0
[     216ms] [LOG] Fetch profile called, auth state: {hasAccessToken: true, isAuthenticated: true} @ https://dev-green.techmaster.in.th/_next/static/chunks/9327-aae10a05b743876b.js:0
[     216ms] [LOG] Fetching profile... @ https://dev-green.techmaster.in.th/_next/static/chunks/9327-aae10a05b743876b.js:0
[     247ms] [LOG] hasAccess true @ https://dev-green.techmaster.in.th/_next/static/chunks/5871-83c7978e1ad12359.js:0
[     248ms] [LOG] permissions [VEHICLE_SUPPLIER_LIST_VIEW] @ https://dev-green.techmaster.in.th/_next/static/chunks/5871-83c7978e1ad12359.js:0
[     370ms] [VERBOSE] [DOM] Password field is not contained in a form: (More info: https://goo.gl/9p2vKq) %o @ https://dev-green.techmaster.in.th/vehicle/supplier?page=1&page_size=15:0
[     370ms] [VERBOSE] [DOM] Password field is not contained in a form: (More info: https://goo.gl/9p2vKq) %o @ https://dev-green.techmaster.in.th/vehicle/supplier?page=1&page_size=15:0
[     370ms] [VERBOSE] [DOM] Password field is not contained in a form: (More info: https://goo.gl/9p2vKq) %o @ https://dev-green.techmaster.in.th/vehicle/supplier?page=1&page_size=15:0
[     439ms] [LOG] Profile fetched successfully @ https://dev-green.techmaster.in.th/_next/static/chunks/9327-aae10a05b743876b.js:0
[     442ms] [LOG] hasAccess true @ https://dev-green.techmaster.in.th/_next/static/chunks/5871-83c7978e1ad12359.js:0
[     442ms] [LOG] permissions [VEHICLE_SUPPLIER_LIST_VIEW] @ https://dev-green.techmaster.in.th/_next/static/chunks/5871-83c7978e1ad12359.js:0
[   11556ms] [LOG] initialData.region_code undefined @ https://dev-green.techmaster.in.th/_next/static/chunks/5871-83c7978e1ad12359.js:0
[   11757ms] [LOG] initialData.region_code null @ https://dev-green.techmaster.in.th/_next/static/chunks/5871-83c7978e1ad12359.js:0
[   11762ms] [LOG] errors {} @ https://dev-green.techmaster.in.th/_next/static/chunks/5871-83c7978e1ad12359.js:0
[   11767ms] [LOG] errors {} @ https://dev-green.techmaster.in.th/_next/static/chunks/5871-83c7978e1ad12359.js:0
[   11841ms] [LOG] errors {} @ https://dev-green.techmaster.in.th/_next/static/chunks/5871-83c7978e1ad12359.js:0
[   11845ms] [LOG] errors {} @ https://dev-green.techmaster.in.th/_next/static/chunks/5871-83c7978e1ad12359.js:0
[   11849ms] [LOG] errors {} @ https://dev-green.techmaster.in.th/_next/static/chunks/5871-83c7978e1ad12359.js:0
[   11852ms] [LOG] errors {} @ https://dev-green.techmaster.in.th/_next/static/chunks/5871-83c7978e1ad12359.js:0
[   11914ms] [LOG] errors {} @ https://dev-green.techmaster.in.th/_next/static/chunks/5871-83c7978e1ad12359.js:0
[   32554ms] [VERBOSE] [DOM] Password field is not contained in a form: (More info: https://goo.gl/9p2vKq) @ https://dev-green.techmaster.in.th/vehicle/supplier/6?tab=supplier-login:0
[   32554ms] [VERBOSE] [DOM] Password field is not contained in a form: (More info: https://goo.gl/9p2vKq) @ https://dev-green.techmaster.in.th/vehicle/supplier/6?tab=supplier-login:0
[   32554ms] [VERBOSE] [DOM] Password field is not contained in a form: (More info: https://goo.gl/9p2vKq) %o @ https://dev-green.techmaster.in.th/vehicle/supplier/6?tab=supplier-login:0
[   32554ms] [VERBOSE] [DOM] Password field is not contained in a form: (More info: https://goo.gl/9p2vKq) %o @ https://dev-green.techmaster.in.th/vehicle/supplier/6?tab=supplier-login:0
