[     196ms] [LOG] Storage rehydrated: {hasState: true, hasAccessToken: eyJhbGciOiJIUzI1NiIsInR5cCI6IkpXVCJ9.eyJpZCI6Mywid…wOTh9.Ub_fIbFfklKo6fpVZxjsJXfOaE0AJb-D3CMBGIxaUt4, isAuthenticated: true} @ https://dev-green.techmaster.in.th/_next/static/chunks/7131-d903d57cd9727702.js:0
[     196ms] [LOG] Has token after rehydration, fetching profile... @ https://dev-green.techmaster.in.th/_next/static/chunks/7131-d903d57cd9727702.js:0
[     209ms] [LOG] Fetch profile called, auth state: {hasAccessToken: true, isAuthenticated: true} @ https://dev-green.techmaster.in.th/_next/static/chunks/7131-d903d57cd9727702.js:0
[     209ms] [LOG] Fetching profile... @ https://dev-green.techmaster.in.th/_next/static/chunks/7131-d903d57cd9727702.js:0
[     241ms] [LOG] payment null @ https://dev-green.techmaster.in.th/_next/static/chunks/app/(auth)/payment/expenses/%5Bid%5D/page-9bb3bbc0343a1802.js:0
[     241ms] [LOG] data null @ https://dev-green.techmaster.in.th/_next/static/chunks/app/(auth)/payment/expenses/%5Bid%5D/page-9bb3bbc0343a1802.js:0
[     362ms] [VERBOSE] [DOM] Password field is not contained in a form: (More info: https://goo.gl/9p2vKq) %o @ https://dev-green.techmaster.in.th/payment/expenses/36:0
[     362ms] [VERBOSE] [DOM] Password field is not contained in a form: (More info: https://goo.gl/9p2vKq) %o @ https://dev-green.techmaster.in.th/payment/expenses/36:0
[     362ms] [VERBOSE] [DOM] Password field is not contained in a form: (More info: https://goo.gl/9p2vKq) %o @ https://dev-green.techmaster.in.th/payment/expenses/36:0
[     439ms] [LOG] Profile fetched successfully @ https://dev-green.techmaster.in.th/_next/static/chunks/7131-d903d57cd9727702.js:0
[     451ms] [LOG] payment {id: 36, status: active, trip_code: EC26VEEY, trip_type: private, program_remark: null} @ https://dev-green.techmaster.in.th/_next/static/chunks/app/(auth)/payment/expenses/%5Bid%5D/page-9bb3bbc0343a1802.js:0
[     451ms] [LOG] data {travel_date: 07/07/2026, travel_time: 07:30, trip_type: private, tour_status: pending, pax: 5 / 10} @ https://dev-green.techmaster.in.th/_next/static/chunks/app/(auth)/payment/expenses/%5Bid%5D/page-9bb3bbc0343a1802.js:0
[     464ms] [LOG] payment {id: 36, status: active, trip_code: EC26VEEY, trip_type: private, program_remark: null} @ https://dev-green.techmaster.in.th/_next/static/chunks/app/(auth)/payment/expenses/%5Bid%5D/page-9bb3bbc0343a1802.js:0
[     464ms] [LOG] data {travel_date: 07/07/2026, travel_time: 07:30, trip_type: private, tour_status: pending, pax: 5 / 10} @ https://dev-green.techmaster.in.th/_next/static/chunks/app/(auth)/payment/expenses/%5Bid%5D/page-9bb3bbc0343a1802.js:0
[     487ms] [LOG] payment {id: 36, status: active, trip_code: EC26VEEY, trip_type: private, program_remark: null} @ https://dev-green.techmaster.in.th/_next/static/chunks/app/(auth)/payment/expenses/%5Bid%5D/page-9bb3bbc0343a1802.js:0
[     487ms] [LOG] data {travel_date: 07/07/2026, travel_time: 07:30, trip_type: private, tour_status: pending, pax: 5 / 10} @ https://dev-green.techmaster.in.th/_next/static/chunks/app/(auth)/payment/expenses/%5Bid%5D/page-9bb3bbc0343a1802.js:0
[     553ms] [LOG] payment {id: 36, status: active, trip_code: EC26VEEY, trip_type: private, program_remark: null} @ https://dev-green.techmaster.in.th/_next/static/chunks/app/(auth)/payment/expenses/%5Bid%5D/page-9bb3bbc0343a1802.js:0
[     553ms] [LOG] data {travel_date: 07/07/2026, travel_time: 07:30, trip_type: private, tour_status: pending, pax: 5 / 10} @ https://dev-green.techmaster.in.th/_next/static/chunks/app/(auth)/payment/expenses/%5Bid%5D/page-9bb3bbc0343a1802.js:0
[    6061ms] [LOG] payment {id: 36, status: active, trip_code: EC26VEEY, trip_type: private, program_remark: null} @ https://dev-green.techmaster.in.th/_next/static/chunks/app/(auth)/payment/expenses/%5Bid%5D/page-9bb3bbc0343a1802.js:0
[    6061ms] [LOG] data {travel_date: 07/07/2026, travel_time: 07:30, trip_type: private, tour_status: pending, pax: 5 / 10} @ https://dev-green.techmaster.in.th/_next/static/chunks/app/(auth)/payment/expenses/%5Bid%5D/page-9bb3bbc0343a1802.js:0
[   14972ms] [LOG] payment {id: 36, status: active, trip_code: EC26VEEY, trip_type: private, program_remark: null} @ https://dev-green.techmaster.in.th/_next/static/chunks/app/(auth)/payment/expenses/%5Bid%5D/page-9bb3bbc0343a1802.js:0
[   14972ms] [LOG] data {travel_date: 07/07/2026, travel_time: 07:30, trip_type: private, tour_status: pending, pax: 5 / 10} @ https://dev-green.techmaster.in.th/_next/static/chunks/app/(auth)/payment/expenses/%5Bid%5D/page-9bb3bbc0343a1802.js:0
