[      90ms] [LOG] Storage rehydrated: {hasState: true, hasAccessToken: eyJhbGciOiJIUzI1NiIsInR5cCI6IkpXVCJ9.eyJpZCI6Mywid…0OTR9.vUJA8Z7BTVheADym_9DENdg7jEJnSshv9El-tSEu4ak, isAuthenticated: true} @ https://dev-green.techmaster.in.th/_next/static/chunks/9327-aae10a05b743876b.js:0
[      90ms] [LOG] Has token after rehydration, fetching profile... @ https://dev-green.techmaster.in.th/_next/static/chunks/9327-aae10a05b743876b.js:0
[     101ms] [LOG] Fetch profile called, auth state: {hasAccessToken: true, isAuthenticated: true} @ https://dev-green.techmaster.in.th/_next/static/chunks/9327-aae10a05b743876b.js:0
[     101ms] [LOG] Fetching profile... @ https://dev-green.techmaster.in.th/_next/static/chunks/9327-aae10a05b743876b.js:0
[     245ms] [LOG] Profile fetched successfully @ https://dev-green.techmaster.in.th/_next/static/chunks/9327-aae10a05b743876b.js:0
[     328ms] [VERBOSE] [DOM] Password field is not contained in a form: (More info: https://goo.gl/9p2vKq) %o @ https://dev-green.techmaster.in.th/dashboard:0
[     328ms] [VERBOSE] [DOM] Password field is not contained in a form: (More info: https://goo.gl/9p2vKq) %o @ https://dev-green.techmaster.in.th/dashboard:0
[     328ms] [VERBOSE] [DOM] Password field is not contained in a form: (More info: https://goo.gl/9p2vKq) %o @ https://dev-green.techmaster.in.th/dashboard:0
[    9274ms] [LOG] hasAccess true @ https://dev-green.techmaster.in.th/_next/static/chunks/5871-0b2c8a67e0387296.js:0
[    9274ms] [LOG] permissions [] @ https://dev-green.techmaster.in.th/_next/static/chunks/5871-0b2c8a67e0387296.js:0
[    9283ms] [LOG] initialData.region_code undefined @ https://dev-green.techmaster.in.th/_next/static/chunks/5871-0b2c8a67e0387296.js:0
[    9284ms] [LOG] companyData null @ https://dev-green.techmaster.in.th/_next/static/chunks/5871-0b2c8a67e0387296.js:0
[    9464ms] [LOG] initialData.region_code 10 @ https://dev-green.techmaster.in.th/_next/static/chunks/5871-0b2c8a67e0387296.js:0
[    9465ms] [LOG] companyData {id: 1, logo: Object, name: บริษัท ทีทีดี โกลเบิล จำกัด, address: 1, province_code: 10} @ https://dev-green.techmaster.in.th/_next/static/chunks/5871-0b2c8a67e0387296.js:0
[   33231ms] [LOG] Storage rehydrated: {hasState: true, hasAccessToken: eyJhbGciOiJIUzI1NiIsInR5cCI6IkpXVCJ9.eyJpZCI6Mywid…0OTR9.vUJA8Z7BTVheADym_9DENdg7jEJnSshv9El-tSEu4ak, isAuthenticated: true} @ https://dev-green.techmaster.in.th/_next/static/chunks/9327-aae10a05b743876b.js:0
[   33231ms] [LOG] Has token after rehydration, fetching profile... @ https://dev-green.techmaster.in.th/_next/static/chunks/9327-aae10a05b743876b.js:0
[   33245ms] [LOG] Fetch profile called, auth state: {hasAccessToken: true, isAuthenticated: true} @ https://dev-green.techmaster.in.th/_next/static/chunks/9327-aae10a05b743876b.js:0
[   33245ms] [LOG] Fetching profile... @ https://dev-green.techmaster.in.th/_next/static/chunks/9327-aae10a05b743876b.js:0
[   33276ms] [LOG] hasAccess true @ https://dev-green.techmaster.in.th/_next/static/chunks/5871-0b2c8a67e0387296.js:0
[   33276ms] [LOG] permissions [] @ https://dev-green.techmaster.in.th/_next/static/chunks/5871-0b2c8a67e0387296.js:0
[   33284ms] [LOG] initialData.region_code undefined @ https://dev-green.techmaster.in.th/_next/static/chunks/5871-0b2c8a67e0387296.js:0
[   33284ms] [LOG] companyData null @ https://dev-green.techmaster.in.th/_next/static/chunks/5871-0b2c8a67e0387296.js:0
[   33383ms] [VERBOSE] [DOM] Password field is not contained in a form: (More info: https://goo.gl/9p2vKq) %o @ https://dev-green.techmaster.in.th/company:0
[   33383ms] [VERBOSE] [DOM] Password field is not contained in a form: (More info: https://goo.gl/9p2vKq) %o @ https://dev-green.techmaster.in.th/company:0
[   33383ms] [VERBOSE] [DOM] Password field is not contained in a form: (More info: https://goo.gl/9p2vKq) %o @ https://dev-green.techmaster.in.th/company:0
[   33397ms] [LOG] Profile fetched successfully @ https://dev-green.techmaster.in.th/_next/static/chunks/9327-aae10a05b743876b.js:0
[   33399ms] [LOG] hasAccess true @ https://dev-green.techmaster.in.th/_next/static/chunks/5871-0b2c8a67e0387296.js:0
[   33399ms] [LOG] permissions [] @ https://dev-green.techmaster.in.th/_next/static/chunks/5871-0b2c8a67e0387296.js:0
[   33429ms] [LOG] initialData.region_code 10 @ https://dev-green.techmaster.in.th/_next/static/chunks/5871-0b2c8a67e0387296.js:0
[   33429ms] [LOG] companyData {id: 1, logo: Object, name: บริษัท ทีทีดี โกลเบิล จำกัด, address: 1, province_code: 10} @ https://dev-green.techmaster.in.th/_next/static/chunks/5871-0b2c8a67e0387296.js:0
[   51830ms] [LOG] companySealFile null @ https://dev-green.techmaster.in.th/_next/static/chunks/5871-0b2c8a67e0387296.js:0
[   51831ms] [LOG] authorizedSignatureFile null @ https://dev-green.techmaster.in.th/_next/static/chunks/5871-0b2c8a67e0387296.js:0
[   51836ms] [LOG] companySealFile https://dev-tourmaster-bucket.s3.ap-southeast-1.amazonaws.com/companies/76efee48-1399-4ba0-8eab-6836ce5f3ef1.png @ https://dev-green.techmaster.in.th/_next/static/chunks/5871-0b2c8a67e0387296.js:0
[   51836ms] [LOG] authorizedSignatureFile https://dev-tourmaster-bucket.s3.ap-southeast-1.amazonaws.com/companies/c1eb6cbe-e942-4197-a4af-18308a4d2f98.png @ https://dev-green.techmaster.in.th/_next/static/chunks/5871-0b2c8a67e0387296.js:0
[   71813ms] [LOG] companySealFile https://dev-tourmaster-bucket.s3.ap-southeast-1.amazonaws.com/companies/76efee48-1399-4ba0-8eab-6836ce5f3ef1.png @ https://dev-green.techmaster.in.th/_next/static/chunks/5871-0b2c8a67e0387296.js:0
[   71813ms] [LOG] authorizedSignatureFile https://dev-tourmaster-bucket.s3.ap-southeast-1.amazonaws.com/companies/c1eb6cbe-e942-4197-a4af-18308a4d2f98.png @ https://dev-green.techmaster.in.th/_next/static/chunks/5871-0b2c8a67e0387296.js:0
[   91852ms] [LOG] companySealFile https://dev-tourmaster-bucket.s3.ap-southeast-1.amazonaws.com/companies/76efee48-1399-4ba0-8eab-6836ce5f3ef1.png @ https://dev-green.techmaster.in.th/_next/static/chunks/5871-0b2c8a67e0387296.js:0
[   91852ms] [LOG] authorizedSignatureFile https://dev-tourmaster-bucket.s3.ap-southeast-1.amazonaws.com/companies/c1eb6cbe-e942-4197-a4af-18308a4d2f98.png @ https://dev-green.techmaster.in.th/_next/static/chunks/5871-0b2c8a67e0387296.js:0
[   91859ms] [LOG] companySealFile https://dev-tourmaster-bucket.s3.ap-southeast-1.amazonaws.com/companies/76efee48-1399-4ba0-8eab-6836ce5f3ef1.png @ https://dev-green.techmaster.in.th/_next/static/chunks/5871-0b2c8a67e0387296.js:0
[   91859ms] [LOG] authorizedSignatureFile https://dev-tourmaster-bucket.s3.ap-southeast-1.amazonaws.com/companies/c1eb6cbe-e942-4197-a4af-18308a4d2f98.png @ https://dev-green.techmaster.in.th/_next/static/chunks/5871-0b2c8a67e0387296.js:0
[   92956ms] [LOG] initialData.region_code 10 @ https://dev-green.techmaster.in.th/_next/static/chunks/5871-0b2c8a67e0387296.js:0
[   92956ms] [LOG] companyData {id: 1, logo: Object, name: บริษัท ทีทีดี โกลเบิล จำกัด, address: 1, province_code: 10} @ https://dev-green.techmaster.in.th/_next/static/chunks/5871-0b2c8a67e0387296.js:0
[  102898ms] [LOG] companyData {id: 1, logo: Object, name: บริษัท ทีทีดี โกลเบิล จำกัด, address: 1, province_code: 10} @ https://dev-green.techmaster.in.th/_next/static/chunks/5871-0b2c8a67e0387296.js:0
[  123830ms] [LOG] companyData {id: 1, logo: Object, name: บริษัท ทีทีดี โกลเบิล จำกัด, address: 1, province_code: 10} @ https://dev-green.techmaster.in.th/_next/static/chunks/5871-0b2c8a67e0387296.js:0
