[     160ms] [LOG] Storage rehydrated: {hasState: true, hasAccessToken: eyJhbGciOiJIUzI1NiIsInR5cCI6IkpXVCJ9.eyJpZCI6Mywid…0OTR9.vUJA8Z7BTVheADym_9DENdg7jEJnSshv9El-tSEu4ak, isAuthenticated: true} @ https://dev-green.techmaster.in.th/_next/static/chunks/9327-aae10a05b743876b.js:0
[     161ms] [LOG] Has token after rehydration, fetching profile... @ https://dev-green.techmaster.in.th/_next/static/chunks/9327-aae10a05b743876b.js:0
[     173ms] [LOG] Fetch profile called, auth state: {hasAccessToken: true, isAuthenticated: true} @ https://dev-green.techmaster.in.th/_next/static/chunks/9327-aae10a05b743876b.js:0
[     173ms] [LOG] Fetching profile... @ https://dev-green.techmaster.in.th/_next/static/chunks/9327-aae10a05b743876b.js:0
[     227ms] [LOG] initialData.region_code undefined @ https://dev-green.techmaster.in.th/_next/static/chunks/5871-0b2c8a67e0387296.js:0
[     325ms] [VERBOSE] [DOM] Password field is not contained in a form: (More info: https://goo.gl/9p2vKq) %o @ https://dev-green.techmaster.in.th/vehicle/supplier/8:0
[     325ms] [VERBOSE] [DOM] Password field is not contained in a form: (More info: https://goo.gl/9p2vKq) %o @ https://dev-green.techmaster.in.th/vehicle/supplier/8:0
[     325ms] [VERBOSE] [DOM] Password field is not contained in a form: (More info: https://goo.gl/9p2vKq) %o @ https://dev-green.techmaster.in.th/vehicle/supplier/8:0
[     347ms] [LOG] Profile fetched successfully @ https://dev-green.techmaster.in.th/_next/static/chunks/9327-aae10a05b743876b.js:0
[     414ms] [LOG] initialData.region_code null @ https://dev-green.techmaster.in.th/_next/static/chunks/5871-0b2c8a67e0387296.js:0
[     417ms] [LOG] errors {} @ https://dev-green.techmaster.in.th/_next/static/chunks/5871-0b2c8a67e0387296.js:0
[     420ms] [LOG] errors {} @ https://dev-green.techmaster.in.th/_next/static/chunks/5871-0b2c8a67e0387296.js:0
[     429ms] [LOG] errors {} @ https://dev-green.techmaster.in.th/_next/static/chunks/5871-0b2c8a67e0387296.js:0
[     433ms] [LOG] errors {} @ https://dev-green.techmaster.in.th/_next/static/chunks/5871-0b2c8a67e0387296.js:0
[     492ms] [LOG] errors {} @ https://dev-green.techmaster.in.th/_next/static/chunks/5871-0b2c8a67e0387296.js:0
[     497ms] [LOG] errors {} @ https://dev-green.techmaster.in.th/_next/static/chunks/5871-0b2c8a67e0387296.js:0
[     499ms] [LOG] errors {} @ https://dev-green.techmaster.in.th/_next/static/chunks/5871-0b2c8a67e0387296.js:0
[     501ms] [LOG] errors {} @ https://dev-green.techmaster.in.th/_next/static/chunks/5871-0b2c8a67e0387296.js:0
[     566ms] [LOG] errors {} @ https://dev-green.techmaster.in.th/_next/static/chunks/5871-0b2c8a67e0387296.js:0
[   12050ms] [VERBOSE] [DOM] Password field is not contained in a form: (More info: https://goo.gl/9p2vKq) %o @ https://dev-green.techmaster.in.th/vehicle/supplier/8?tab=supplier-login:0
[   12050ms] [VERBOSE] [DOM] Password field is not contained in a form: (More info: https://goo.gl/9p2vKq) %o @ https://dev-green.techmaster.in.th/vehicle/supplier/8?tab=supplier-login:0
[   12050ms] [VERBOSE] [DOM] Password field is not contained in a form: (More info: https://goo.gl/9p2vKq) %o @ https://dev-green.techmaster.in.th/vehicle/supplier/8?tab=supplier-login:0
[   12050ms] [VERBOSE] [DOM] Password field is not contained in a form: (More info: https://goo.gl/9p2vKq) %o @ https://dev-green.techmaster.in.th/vehicle/supplier/8?tab=supplier-login:0
[   48802ms] [LOG] errors {} @ https://dev-green.techmaster.in.th/_next/static/chunks/5871-0b2c8a67e0387296.js:0
[   48806ms] [LOG] initialData.region_code null @ https://dev-green.techmaster.in.th/_next/static/chunks/5871-0b2c8a67e0387296.js:0
[   48809ms] [LOG] errors {} @ https://dev-green.techmaster.in.th/_next/static/chunks/5871-0b2c8a67e0387296.js:0
[   48951ms] [LOG] errors {} @ https://dev-green.techmaster.in.th/_next/static/chunks/5871-0b2c8a67e0387296.js:0
[   49021ms] [LOG] errors {} @ https://dev-green.techmaster.in.th/_next/static/chunks/5871-0b2c8a67e0387296.js:0
[   49029ms] [LOG] errors {} @ https://dev-green.techmaster.in.th/_next/static/chunks/5871-0b2c8a67e0387296.js:0
[   49035ms] [LOG] errors {} @ https://dev-green.techmaster.in.th/_next/static/chunks/5871-0b2c8a67e0387296.js:0
[   49038ms] [LOG] errors {} @ https://dev-green.techmaster.in.th/_next/static/chunks/5871-0b2c8a67e0387296.js:0
[   49040ms] [LOG] errors {} @ https://dev-green.techmaster.in.th/_next/static/chunks/5871-0b2c8a67e0387296.js:0
[   61285ms] [LOG] errors {} @ https://dev-green.techmaster.in.th/_next/static/chunks/5871-0b2c8a67e0387296.js:0
