[     237ms] [LOG] Storage rehydrated: {hasState: true, hasAccessToken: eyJhbGciOiJIUzI1NiIsInR5cCI6IkpXVCJ9.eyJpZCI6Mywid…0Mjl9.dAZGMysfqs_Bhxq5AbjcDJI17Br3ekL-6_0x2jatDNM, isAuthenticated: true} @ https://dev-green.techmaster.in.th/_next/static/chunks/7131-29b91dc214948a75.js:0
[     239ms] [LOG] Has token after rehydration, fetching profile... @ https://dev-green.techmaster.in.th/_next/static/chunks/7131-29b91dc214948a75.js:0
[     258ms] [LOG] Fetch profile called, auth state: {hasAccessToken: true, isAuthenticated: true} @ https://dev-green.techmaster.in.th/_next/static/chunks/7131-29b91dc214948a75.js:0
[     258ms] [LOG] Fetching profile... @ https://dev-green.techmaster.in.th/_next/static/chunks/7131-29b91dc214948a75.js:0
[     316ms] [LOG] initialData.region_code undefined @ https://dev-green.techmaster.in.th/_next/static/chunks/5871-7503a526909aece9.js:0
[     317ms] [LOG] companyData null @ https://dev-green.techmaster.in.th/_next/static/chunks/5871-7503a526909aece9.js:0
[     416ms] [VERBOSE] [DOM] Password field is not contained in a form: (More info: https://goo.gl/9p2vKq) %o @ https://dev-green.techmaster.in.th/company:0
[     416ms] [VERBOSE] [DOM] Password field is not contained in a form: (More info: https://goo.gl/9p2vKq) %o @ https://dev-green.techmaster.in.th/company:0
[     416ms] [VERBOSE] [DOM] Password field is not contained in a form: (More info: https://goo.gl/9p2vKq) %o @ https://dev-green.techmaster.in.th/company:0
[     512ms] [LOG] initialData.region_code 10 @ https://dev-green.techmaster.in.th/_next/static/chunks/5871-7503a526909aece9.js:0
[     512ms] [LOG] companyData {id: 1, logo: Object, name: บริษัท ทีทีดี โกลเบิล จำกัด, address: 1, province_code: 10} @ https://dev-green.techmaster.in.th/_next/static/chunks/5871-7503a526909aece9.js:0
[     517ms] [LOG] Profile fetched successfully @ https://dev-green.techmaster.in.th/_next/static/chunks/7131-29b91dc214948a75.js:0
[    9562ms] [LOG] companyData {id: 1, logo: Object, name: บริษัท ทีทีดี โกลเบิล จำกัด, address: 1, province_code: 10} @ https://dev-green.techmaster.in.th/_next/static/chunks/5871-7503a526909aece9.js:0
[   13026ms] [LOG] companyData {id: 1, logo: Object, name: บริษัท ทีทีดี โกลเบิล จำกัด, address: 1, province_code: 10} @ https://dev-green.techmaster.in.th/_next/static/chunks/5871-7503a526909aece9.js:0
[   15146ms] [LOG] companySealFile null @ https://dev-green.techmaster.in.th/_next/static/chunks/5871-7503a526909aece9.js:0
[   15146ms] [LOG] authorizedSignatureFile null @ https://dev-green.techmaster.in.th/_next/static/chunks/5871-7503a526909aece9.js:0
[   15154ms] [LOG] companySealFile https://dev-tourmaster-bucket.s3.ap-southeast-1.amazonaws.com/companies/76efee48-1399-4ba0-8eab-6836ce5f3ef1.png @ https://dev-green.techmaster.in.th/_next/static/chunks/5871-7503a526909aece9.js:0
[   15154ms] [LOG] authorizedSignatureFile https://dev-tourmaster-bucket.s3.ap-southeast-1.amazonaws.com/companies/c1eb6cbe-e942-4197-a4af-18308a4d2f98.png @ https://dev-green.techmaster.in.th/_next/static/chunks/5871-7503a526909aece9.js:0
[   18544ms] [LOG] companySealFile https://dev-tourmaster-bucket.s3.ap-southeast-1.amazonaws.com/companies/76efee48-1399-4ba0-8eab-6836ce5f3ef1.png @ https://dev-green.techmaster.in.th/_next/static/chunks/5871-7503a526909aece9.js:0
[   18544ms] [LOG] authorizedSignatureFile https://dev-tourmaster-bucket.s3.ap-southeast-1.amazonaws.com/companies/c1eb6cbe-e942-4197-a4af-18308a4d2f98.png @ https://dev-green.techmaster.in.th/_next/static/chunks/5871-7503a526909aece9.js:0
[   20958ms] [LOG] companySealFile https://dev-tourmaster-bucket.s3.ap-southeast-1.amazonaws.com/companies/76efee48-1399-4ba0-8eab-6836ce5f3ef1.png @ https://dev-green.techmaster.in.th/_next/static/chunks/5871-7503a526909aece9.js:0
[   20958ms] [LOG] authorizedSignatureFile https://dev-tourmaster-bucket.s3.ap-southeast-1.amazonaws.com/companies/c1eb6cbe-e942-4197-a4af-18308a4d2f98.png @ https://dev-green.techmaster.in.th/_next/static/chunks/5871-7503a526909aece9.js:0
[   20969ms] [LOG] companySealFile https://dev-tourmaster-bucket.s3.ap-southeast-1.amazonaws.com/companies/76efee48-1399-4ba0-8eab-6836ce5f3ef1.png @ https://dev-green.techmaster.in.th/_next/static/chunks/5871-7503a526909aece9.js:0
[   20969ms] [LOG] authorizedSignatureFile https://dev-tourmaster-bucket.s3.ap-southeast-1.amazonaws.com/companies/c1eb6cbe-e942-4197-a4af-18308a4d2f98.png @ https://dev-green.techmaster.in.th/_next/static/chunks/5871-7503a526909aece9.js:0
