[     189ms] [LOG] Storage rehydrated: {hasState: true, hasAccessToken: eyJhbGciOiJIUzI1NiIsInR5cCI6IkpXVCJ9.eyJpZCI6Mywid…1NDd9.ml7TrWE6HWnTEkmD62wkvUWytLG2b1B6WF4py_y2aOs, isAuthenticated: true} @ https://dev-green.techmaster.in.th/_next/static/chunks/9327-aae10a05b743876b.js:0
[     189ms] [LOG] Has token after rehydration, fetching profile... @ https://dev-green.techmaster.in.th/_next/static/chunks/9327-aae10a05b743876b.js:0
[     200ms] [LOG] Fetch profile called, auth state: {hasAccessToken: true, isAuthenticated: true} @ https://dev-green.techmaster.in.th/_next/static/chunks/9327-aae10a05b743876b.js:0
[     200ms] [LOG] Fetching profile... @ https://dev-green.techmaster.in.th/_next/static/chunks/9327-aae10a05b743876b.js:0
[     228ms] [LOG] hasAccess true @ https://dev-green.techmaster.in.th/_next/static/chunks/5871-44dcc03fbff18943.js:0
[     228ms] [LOG] permissions [SELLER] @ https://dev-green.techmaster.in.th/_next/static/chunks/5871-44dcc03fbff18943.js:0
[     252ms] [LOG] 1 @ https://dev-green.techmaster.in.th/_next/static/chunks/app/(auth)/agents/page-e48e9b71f391a47b.js:0
[     339ms] [LOG] hasAccess true @ https://dev-green.techmaster.in.th/_next/static/chunks/5871-44dcc03fbff18943.js:0
[     339ms] [LOG] permissions [SELLER] @ https://dev-green.techmaster.in.th/_next/static/chunks/5871-44dcc03fbff18943.js:0
[     346ms] [VERBOSE] [DOM] Password field is not contained in a form: (More info: https://goo.gl/9p2vKq) %o @ https://dev-green.techmaster.in.th/agents?page=1&page_size=15:0
[     346ms] [VERBOSE] [DOM] Password field is not contained in a form: (More info: https://goo.gl/9p2vKq) %o @ https://dev-green.techmaster.in.th/agents?page=1&page_size=15:0
[     346ms] [VERBOSE] [DOM] Password field is not contained in a form: (More info: https://goo.gl/9p2vKq) %o @ https://dev-green.techmaster.in.th/agents?page=1&page_size=15:0
[     449ms] [LOG] Profile fetched successfully @ https://dev-green.techmaster.in.th/_next/static/chunks/9327-aae10a05b743876b.js:0
[     452ms] [LOG] hasAccess true @ https://dev-green.techmaster.in.th/_next/static/chunks/5871-44dcc03fbff18943.js:0
[     452ms] [LOG] permissions [SELLER] @ https://dev-green.techmaster.in.th/_next/static/chunks/5871-44dcc03fbff18943.js:0
[     932ms] [LOG] 1 @ https://dev-green.techmaster.in.th/_next/static/chunks/app/(auth)/agents/page-e48e9b71f391a47b.js:0
[    1014ms] [LOG] hasAccess true @ https://dev-green.techmaster.in.th/_next/static/chunks/5871-44dcc03fbff18943.js:0
[    1014ms] [LOG] permissions [SELLER] @ https://dev-green.techmaster.in.th/_next/static/chunks/5871-44dcc03fbff18943.js:0
[   67170ms] [LOG] initialData.region_code undefined @ https://dev-green.techmaster.in.th/_next/static/chunks/5871-44dcc03fbff18943.js:0
[   67449ms] [LOG] initialData.region_code null @ https://dev-green.techmaster.in.th/_next/static/chunks/5871-44dcc03fbff18943.js:0
